// Jest Snapshot v1, https://goo.gl/fbAQLP

exports[`SqrtPriceMath #getAmountDeltas gas cost for amount0/false 1`] = `1088`;

exports[`SqrtPriceMath #getAmountDeltas gas cost for amount0/true 1`] = `1215`;

exports[`SqrtPriceMath #getAmountDeltas gas cost for amount1/false 1`] = `965`;

exports[`SqrtPriceMath #getAmountDeltas gas cost for amount1/true 1`] = `971`;

exports[`SqrtPriceMath #getNextPrice zeroForOne = false gas 1`] = `760`;

exports[`SqrtPriceMath #getNextPrice zeroForOne = true gas 1`] = `1532`;
