// Jest Snapshot v1, https://goo.gl/fbAQLP

exports[`UniswapV3Pair gas tests fee is off #burn above current price burn entire position after some time passes 1`] = `58160`;

exports[`UniswapV3Pair gas tests fee is off #burn above current price burn when only position using ticks 1`] = `58160`;

exports[`UniswapV3Pair gas tests fee is off #burn above current price entire position burn but other positions are using the ticks 1`] = `80555`;

exports[`UniswapV3Pair gas tests fee is off #burn above current price partial position burn 1`] = `93928`;

exports[`UniswapV3Pair gas tests fee is off #burn around current price burn entire position after some time passes 1`] = `83763`;

exports[`UniswapV3Pair gas tests fee is off #burn around current price burn when only position using ticks 1`] = `80436`;

exports[`UniswapV3Pair gas tests fee is off #burn around current price entire position burn but other positions are using the ticks 1`] = `108307`;

exports[`UniswapV3Pair gas tests fee is off #burn around current price partial position burn 1`] = `121680`;

exports[`UniswapV3Pair gas tests fee is off #burn below current price burn entire position after some time passes 1`] = `70997`;

exports[`UniswapV3Pair gas tests fee is off #burn below current price burn when only position using ticks 1`] = `70997`;

exports[`UniswapV3Pair gas tests fee is off #burn below current price entire position burn but other positions are using the ticks 1`] = `81030`;

exports[`UniswapV3Pair gas tests fee is off #burn below current price partial position burn 1`] = `94403`;

exports[`UniswapV3Pair gas tests fee is off #mint above current price add to position after some time passes 1`] = `116819`;

exports[`UniswapV3Pair gas tests fee is off #mint above current price add to position existing 1`] = `116819`;

exports[`UniswapV3Pair gas tests fee is off #mint above current price new position mint first in range 1`] = `185105`;

exports[`UniswapV3Pair gas tests fee is off #mint above current price second position in same range 1`] = `131819`;

exports[`UniswapV3Pair gas tests fee is off #mint around current price add to position after some time passes 1`] = `171836`;

exports[`UniswapV3Pair gas tests fee is off #mint around current price add to position existing 1`] = `160981`;

exports[`UniswapV3Pair gas tests fee is off #mint around current price new position mint first in range 1`] = `320165`;

exports[`UniswapV3Pair gas tests fee is off #mint around current price second position in same range 1`] = `175981`;

exports[`UniswapV3Pair gas tests fee is off #mint below current price add to position after some time passes 1`] = `117368`;

exports[`UniswapV3Pair gas tests fee is off #mint below current price add to position existing 1`] = `117368`;

exports[`UniswapV3Pair gas tests fee is off #mint below current price new position mint first in range 1`] = `307386`;

exports[`UniswapV3Pair gas tests fee is off #mint below current price second position in same range 1`] = `132368`;

exports[`UniswapV3Pair gas tests fee is off #swapExact0For1 first swap in block moves tick, no initialized crossings 1`] = `110542`;

exports[`UniswapV3Pair gas tests fee is off #swapExact0For1 first swap in block with no tick movement 1`] = `93099`;

exports[`UniswapV3Pair gas tests fee is off #swapExact0For1 first swap in block, large swap crossing a single initialized tick 1`] = `112674`;

exports[`UniswapV3Pair gas tests fee is off #swapExact0For1 first swap in block, large swap crossing several initialized ticks 1`] = `115085`;

exports[`UniswapV3Pair gas tests fee is off #swapExact0For1 first swap in block, large swap, no initialized crossings 1`] = `122974`;

exports[`UniswapV3Pair gas tests fee is off #swapExact0For1 large swap crossing several initialized ticks after some time passes (seconds outside is set) 1`] = `155169`;

exports[`UniswapV3Pair gas tests fee is off #swapExact0For1 large swap crossing several initialized ticks second time after some time passes 1`] = `215192`;

exports[`UniswapV3Pair gas tests fee is off #swapExact0For1 second swap in block moves tick, no initialized crossings 1`] = `110542`;

exports[`UniswapV3Pair gas tests fee is off #swapExact0For1 second swap in block with no tick movement 1`] = `93228`;

exports[`UniswapV3Pair gas tests fee is off #swapExact0For1 second swap in block, large swap crossing a single initialized tick 1`] = `100110`;

exports[`UniswapV3Pair gas tests fee is off #swapExact0For1 second swap in block, large swap crossing several initialized ticks 1`] = `108788`;

exports[`UniswapV3Pair gas tests fee is on #burn above current price burn entire position after some time passes 1`] = `58160`;

exports[`UniswapV3Pair gas tests fee is on #burn above current price burn when only position using ticks 1`] = `58160`;

exports[`UniswapV3Pair gas tests fee is on #burn above current price entire position burn but other positions are using the ticks 1`] = `80555`;

exports[`UniswapV3Pair gas tests fee is on #burn above current price partial position burn 1`] = `93928`;

exports[`UniswapV3Pair gas tests fee is on #burn around current price burn entire position after some time passes 1`] = `83763`;

exports[`UniswapV3Pair gas tests fee is on #burn around current price burn when only position using ticks 1`] = `80436`;

exports[`UniswapV3Pair gas tests fee is on #burn around current price entire position burn but other positions are using the ticks 1`] = `108307`;

exports[`UniswapV3Pair gas tests fee is on #burn around current price partial position burn 1`] = `121680`;

exports[`UniswapV3Pair gas tests fee is on #burn below current price burn entire position after some time passes 1`] = `70997`;

exports[`UniswapV3Pair gas tests fee is on #burn below current price burn when only position using ticks 1`] = `70997`;

exports[`UniswapV3Pair gas tests fee is on #burn below current price entire position burn but other positions are using the ticks 1`] = `81030`;

exports[`UniswapV3Pair gas tests fee is on #burn below current price partial position burn 1`] = `94403`;

exports[`UniswapV3Pair gas tests fee is on #mint above current price add to position after some time passes 1`] = `116819`;

exports[`UniswapV3Pair gas tests fee is on #mint above current price add to position existing 1`] = `116819`;

exports[`UniswapV3Pair gas tests fee is on #mint above current price new position mint first in range 1`] = `185105`;

exports[`UniswapV3Pair gas tests fee is on #mint above current price second position in same range 1`] = `131819`;

exports[`UniswapV3Pair gas tests fee is on #mint around current price add to position after some time passes 1`] = `171836`;

exports[`UniswapV3Pair gas tests fee is on #mint around current price add to position existing 1`] = `160981`;

exports[`UniswapV3Pair gas tests fee is on #mint around current price new position mint first in range 1`] = `320165`;

exports[`UniswapV3Pair gas tests fee is on #mint around current price second position in same range 1`] = `175981`;

exports[`UniswapV3Pair gas tests fee is on #mint below current price add to position after some time passes 1`] = `117368`;

exports[`UniswapV3Pair gas tests fee is on #mint below current price add to position existing 1`] = `117368`;

exports[`UniswapV3Pair gas tests fee is on #mint below current price new position mint first in range 1`] = `307386`;

exports[`UniswapV3Pair gas tests fee is on #mint below current price second position in same range 1`] = `132368`;

exports[`UniswapV3Pair gas tests fee is on #swapExact0For1 first swap in block moves tick, no initialized crossings 1`] = `110542`;

exports[`UniswapV3Pair gas tests fee is on #swapExact0For1 first swap in block with no tick movement 1`] = `93099`;

exports[`UniswapV3Pair gas tests fee is on #swapExact0For1 first swap in block, large swap crossing a single initialized tick 1`] = `112674`;

exports[`UniswapV3Pair gas tests fee is on #swapExact0For1 first swap in block, large swap crossing several initialized ticks 1`] = `115085`;

exports[`UniswapV3Pair gas tests fee is on #swapExact0For1 first swap in block, large swap, no initialized crossings 1`] = `122974`;

exports[`UniswapV3Pair gas tests fee is on #swapExact0For1 large swap crossing several initialized ticks after some time passes (seconds outside is set) 1`] = `155169`;

exports[`UniswapV3Pair gas tests fee is on #swapExact0For1 large swap crossing several initialized ticks second time after some time passes 1`] = `215192`;

exports[`UniswapV3Pair gas tests fee is on #swapExact0For1 second swap in block moves tick, no initialized crossings 1`] = `110542`;

exports[`UniswapV3Pair gas tests fee is on #swapExact0For1 second swap in block with no tick movement 1`] = `93228`;

exports[`UniswapV3Pair gas tests fee is on #swapExact0For1 second swap in block, large swap crossing a single initialized tick 1`] = `100110`;

exports[`UniswapV3Pair gas tests fee is on #swapExact0For1 second swap in block, large swap crossing several initialized ticks 1`] = `108788`;
