// Jest Snapshot v1, https://goo.gl/fbAQLP

exports[`UniswapV3Pair gas fee is off #burn above current price burn entire position after some time passes 1`] = `85053`;

exports[`UniswapV3Pair gas fee is off #burn above current price burn when only position using ticks 1`] = `61828`;

exports[`UniswapV3Pair gas fee is off #burn above current price entire position burn but other positions are using the ticks 1`] = `87891`;

exports[`UniswapV3Pair gas fee is off #burn above current price partial position burn 1`] = `101264`;

exports[`UniswapV3Pair gas fee is off #burn around current price burn entire position after some time passes 1`] = `93829`;

exports[`UniswapV3Pair gas fee is off #burn around current price burn when only position using ticks 1`] = `83130`;

exports[`UniswapV3Pair gas fee is off #burn around current price entire position burn but other positions are using the ticks 1`] = `113695`;

exports[`UniswapV3Pair gas fee is off #burn around current price partial position burn 1`] = `127068`;

exports[`UniswapV3Pair gas fee is off #burn below current price burn entire position after some time passes 1`] = `85370`;

exports[`UniswapV3Pair gas fee is off #burn below current price burn when only position using ticks 1`] = `74671`;

exports[`UniswapV3Pair gas fee is off #burn below current price entire position burn but other positions are using the ticks 1`] = `88377`;

exports[`UniswapV3Pair gas fee is off #burn below current price partial position burn 1`] = `101750`;

exports[`UniswapV3Pair gas fee is off #mint above current price add to position after some time passes 1`] = `147784`;

exports[`UniswapV3Pair gas fee is off #mint above current price add to position existing 1`] = `122186`;

exports[`UniswapV3Pair gas fee is off #mint above current price new position mint first in range 1`] = `216070`;

exports[`UniswapV3Pair gas fee is off #mint above current price second position in same range 1`] = `137186`;

exports[`UniswapV3Pair gas fee is off #mint around current price add to position after some time passes 1`] = `189737`;

exports[`UniswapV3Pair gas fee is off #mint around current price add to position existing 1`] = `164139`;

exports[`UniswapV3Pair gas fee is off #mint around current price new position mint first in range 1`] = `338089`;

exports[`UniswapV3Pair gas fee is off #mint around current price second position in same range 1`] = `179139`;

exports[`UniswapV3Pair gas fee is off #mint below current price add to position after some time passes 1`] = `148313`;

exports[`UniswapV3Pair gas fee is off #mint below current price add to position existing 1`] = `122715`;

exports[`UniswapV3Pair gas fee is off #mint below current price new position mint first in range 1`] = `338331`;

exports[`UniswapV3Pair gas fee is off #mint below current price second position in same range 1`] = `137715`;

exports[`UniswapV3Pair gas fee is off #swapExact0For1 first swap in block moves tick, no initialized crossings 1`] = `126019`;

exports[`UniswapV3Pair gas fee is off #swapExact0For1 first swap in block with no tick movement 1`] = `94957`;

exports[`UniswapV3Pair gas fee is off #swapExact0For1 first swap in block, large swap crossing a single initialized tick 1`] = `107379`;

exports[`UniswapV3Pair gas fee is off #swapExact0For1 first swap in block, large swap crossing several initialized ticks 1`] = `113451`;

exports[`UniswapV3Pair gas fee is off #swapExact0For1 first swap in block, large swap, no initialized crossings 1`] = `139548`;

exports[`UniswapV3Pair gas fee is off #swapExact0For1 large swap crossing several initialized ticks after some time passes (seconds outside is set) 1`] = `173299`;

exports[`UniswapV3Pair gas fee is off #swapExact0For1 large swap crossing several initialized ticks second time after some time passes 1`] = `233299`;

exports[`UniswapV3Pair gas fee is off #swapExact0For1 second swap in block moves tick, no initialized crossings 1`] = `126019`;

exports[`UniswapV3Pair gas fee is off #swapExact0For1 second swap in block with no tick movement 1`] = `95086`;

exports[`UniswapV3Pair gas fee is off #swapExact0For1 second swap in block, large swap crossing a single initialized tick 1`] = `100898`;

exports[`UniswapV3Pair gas fee is off #swapExact0For1 second swap in block, large swap crossing several initialized ticks 1`] = `110195`;

exports[`UniswapV3Pair gas fee is on #burn above current price burn entire position after some time passes 1`] = `88335`;

exports[`UniswapV3Pair gas fee is on #burn above current price burn when only position using ticks 1`] = `63469`;

exports[`UniswapV3Pair gas fee is on #burn above current price entire position burn but other positions are using the ticks 1`] = `91173`;

exports[`UniswapV3Pair gas fee is on #burn above current price partial position burn 1`] = `104546`;

exports[`UniswapV3Pair gas fee is on #burn around current price burn entire position after some time passes 1`] = `95470`;

exports[`UniswapV3Pair gas fee is on #burn around current price burn when only position using ticks 1`] = `84771`;

exports[`UniswapV3Pair gas fee is on #burn around current price entire position burn but other positions are using the ticks 1`] = `116977`;

exports[`UniswapV3Pair gas fee is on #burn around current price partial position burn 1`] = `130350`;

exports[`UniswapV3Pair gas fee is on #burn below current price burn entire position after some time passes 1`] = `87011`;

exports[`UniswapV3Pair gas fee is on #burn below current price burn when only position using ticks 1`] = `76312`;

exports[`UniswapV3Pair gas fee is on #burn below current price entire position burn but other positions are using the ticks 1`] = `91659`;

exports[`UniswapV3Pair gas fee is on #burn below current price partial position burn 1`] = `105032`;

exports[`UniswapV3Pair gas fee is on #mint above current price add to position after some time passes 1`] = `151066`;

exports[`UniswapV3Pair gas fee is on #mint above current price add to position existing 1`] = `125468`;

exports[`UniswapV3Pair gas fee is on #mint above current price new position mint first in range 1`] = `219352`;

exports[`UniswapV3Pair gas fee is on #mint above current price second position in same range 1`] = `140468`;

exports[`UniswapV3Pair gas fee is on #mint around current price add to position after some time passes 1`] = `193019`;

exports[`UniswapV3Pair gas fee is on #mint around current price add to position existing 1`] = `167421`;

exports[`UniswapV3Pair gas fee is on #mint around current price new position mint first in range 1`] = `341371`;

exports[`UniswapV3Pair gas fee is on #mint around current price second position in same range 1`] = `182421`;

exports[`UniswapV3Pair gas fee is on #mint below current price add to position after some time passes 1`] = `151595`;

exports[`UniswapV3Pair gas fee is on #mint below current price add to position existing 1`] = `125997`;

exports[`UniswapV3Pair gas fee is on #mint below current price new position mint first in range 1`] = `341613`;

exports[`UniswapV3Pair gas fee is on #mint below current price second position in same range 1`] = `140997`;

exports[`UniswapV3Pair gas fee is on #swapExact0For1 first swap in block moves tick, no initialized crossings 1`] = `126019`;

exports[`UniswapV3Pair gas fee is on #swapExact0For1 first swap in block with no tick movement 1`] = `94957`;

exports[`UniswapV3Pair gas fee is on #swapExact0For1 first swap in block, large swap crossing a single initialized tick 1`] = `107379`;

exports[`UniswapV3Pair gas fee is on #swapExact0For1 first swap in block, large swap crossing several initialized ticks 1`] = `113451`;

exports[`UniswapV3Pair gas fee is on #swapExact0For1 first swap in block, large swap, no initialized crossings 1`] = `139548`;

exports[`UniswapV3Pair gas fee is on #swapExact0For1 large swap crossing several initialized ticks after some time passes (seconds outside is set) 1`] = `173299`;

exports[`UniswapV3Pair gas fee is on #swapExact0For1 large swap crossing several initialized ticks second time after some time passes 1`] = `233299`;

exports[`UniswapV3Pair gas fee is on #swapExact0For1 second swap in block moves tick, no initialized crossings 1`] = `126019`;

exports[`UniswapV3Pair gas fee is on #swapExact0For1 second swap in block with no tick movement 1`] = `95086`;

exports[`UniswapV3Pair gas fee is on #swapExact0For1 second swap in block, large swap crossing a single initialized tick 1`] = `100898`;

exports[`UniswapV3Pair gas fee is on #swapExact0For1 second swap in block, large swap crossing several initialized ticks 1`] = `110195`;
